[10708:8904:0628/041735.261:WARNING:chrome_main_delegate.cc(745)] This is Chrome version 128.0.6613.138 (not a warning)
[10708:8904:0628/041735.679:WARNING:account_consistency_mode_manager.cc(77)] Desktop Identity Consistency cannot be enabled as no OAuth client ID and client secret have been configured.
[28552:18068:0628/041746.361:WARNING:frame_impl.cc(430)] virtual CefFrameImpl::SendProcessMessage sent to detached frame 5-1F5F7C37C7855E54A6CF36636946B02D will be ignored
[32264:34840:0628/041748.614:WARNING:codec.cc(525)] Explicitly added H264 constrained baseline to list of supported formats.
[32264:34844:0628/041748.646:WARNING:codec.cc(525)] Explicitly added H264 constrained baseline to list of supported formats.
[32264:34844:0628/041748.648:WARNING:codec.cc(525)] Explicitly added H264 constrained baseline to list of supported formats.
[32264:34844:0628/041748.648:WARNING:codec.cc(525)] Explicitly added H264 constrained baseline to list of supported formats.
[10708:12104:0628/041750.358:WARNING:browser_info.cc(345)] Returning a speculative frame for [8,9]
[10708:8904:0628/041751.021:WARNING:browser_info.cc(345)] Returning a speculative frame for [9,9]
[10708:8904:0628/041751.021:WARNING:browser_info.cc(345)] Returning a speculative frame for [9,9]
[10708:8904:0628/041751.021:WARNING:browser_info.cc(345)] Returning a speculative frame for [9,9]
[10708:8904:0628/041751.021:WARNING:browser_info.cc(345)] Returning a speculative frame for [9,9]
[10708:12104:0628/041751.024:WARNING:browser_info.cc(345)] Returning a speculative frame for [9,9]
[35260:35460:0628/041752.685:WARNING:codec.cc(525)] Explicitly added H264 constrained baseline to list of supported formats.
[35260:35464:0628/041752.713:WARNING:codec.cc(525)] Explicitly added H264 constrained baseline to list of supported formats.
[35260:35464:0628/041752.714:WARNING:codec.cc(525)] Explicitly added H264 constrained baseline to list of supported formats.
[35260:35464:0628/041752.714:WARNING:codec.cc(525)] Explicitly added H264 constrained baseline to list of supported formats.
[35260:35460:0628/041755.771:WARNING:codec.cc(525)] Explicitly added H264 constrained baseline to list of supported formats.
[33488:22920:0628/042000.776:ERROR:shared_image_manager.cc(224)] SharedImageManager::ProduceSkia: Trying to Produce a Skia representation from a non-existent mailbox.
[10708:8904:0628/055104.136:WARNING:pref_notifier_impl.cc(41)] Pref observer for media_router.cast_allow_all_ips found at shutdown.
